In file included from runtime/js/v8_platform_silver.cpp:10:
/mnt/dev/v8/include/v8-platform.h: In member function ‘virtual void v8::TaskRunner::PostTaskImpl(std::unique_ptr<v8::Task>, const v8::SourceLocation&)’:
/mnt/dev/v8/include/v8-platform.h:187:51: warning: unused parameter ‘task’ [-Wunused-parameter]
  187 |   virtual void PostTaskImpl(std::unique_ptr<Task> task,
      |                             ~~~~~~~~~~~~~~~~~~~~~~^~~~
/mnt/dev/v8/include/v8-platform.h:188:51: warning: unused parameter ‘location’ [-Wunused-parameter]
  188 |                             const SourceLocation& location) {}
      |                             ~~~~~~~~~~~~~~~~~~~~~~^~~~~~~~
/mnt/dev/v8/include/v8-platform.h: In member function ‘virtual void v8::TaskRunner::PostNonNestableTaskImpl(std::unique_ptr<v8::Task>, const v8::SourceLocation&)’:
/mnt/dev/v8/include/v8-platform.h:189:62: warning: unused parameter ‘task’ [-Wunused-parameter]
  189 |   virtual void PostNonNestableTaskImpl(std::unique_ptr<Task> task,
      |                                        ~~~~~~~~~~~~~~~~~~~~~~^~~~
/mnt/dev/v8/include/v8-platform.h:190:62: warning: unused parameter ‘location’ [-Wunused-parameter]
  190 |                                        const SourceLocation& location) {}
      |                                        ~~~~~~~~~~~~~~~~~~~~~~^~~~~~~~
/mnt/dev/v8/include/v8-platform.h: In member function ‘virtual void v8::TaskRunner::PostDelayedTaskImpl(std::unique_ptr<v8::Task>, double, const v8::SourceLocation&)’:
/mnt/dev/v8/include/v8-platform.h:191:58: warning: unused parameter ‘task’ [-Wunused-parameter]
  191 |   virtual void PostDelayedTaskImpl(std::unique_ptr<Task> task,
      |                                    ~~~~~~~~~~~~~~~~~~~~~~^~~~
/mnt/dev/v8/include/v8-platform.h:192:43: warning: unused parameter ‘delay_in_seconds’ [-Wunused-parameter]
  192 |                                    double delay_in_seconds,
      |                                    ~~~~~~~^~~~~~~~~~~~~~~~
/mnt/dev/v8/include/v8-platform.h:193:58: warning: unused parameter ‘location’ [-Wunused-parameter]
  193 |                                    const SourceLocation& location) {}
      |                                    ~~~~~~~~~~~~~~~~~~~~~~^~~~~~~~
/mnt/dev/v8/include/v8-platform.h: In member function ‘virtual void v8::TaskRunner::PostNonNestableDelayedTaskImpl(std::unique_ptr<v8::Task>, double, const v8::SourceLocation&)’:
/mnt/dev/v8/include/v8-platform.h:194:69: warning: unused parameter ‘task’ [-Wunused-parameter]
  194 |   virtual void PostNonNestableDelayedTaskImpl(std::unique_ptr<Task> task,
      |                                               ~~~~~~~~~~~~~~~~~~~~~~^~~~
/mnt/dev/v8/include/v8-platform.h:195:54: warning: unused parameter ‘delay_in_seconds’ [-Wunused-parameter]
  195 |                                               double delay_in_seconds,
      |                                               ~~~~~~~^~~~~~~~~~~~~~~~
/mnt/dev/v8/include/v8-platform.h:196:69: warning: unused parameter ‘location’ [-Wunused-parameter]
  196 |                                               const SourceLocation& location) {}
      |                                               ~~~~~~~~~~~~~~~~~~~~~~^~~~~~~~
/mnt/dev/v8/include/v8-platform.h: In member function ‘virtual void v8::TaskRunner::PostIdleTaskImpl(std::unique_ptr<v8::IdleTask>, const v8::SourceLocation&)’:
/mnt/dev/v8/include/v8-platform.h:197:59: warning: unused parameter ‘task’ [-Wunused-parameter]
  197 |   virtual void PostIdleTaskImpl(std::unique_ptr<IdleTask> task,
      |                                 ~~~~~~~~~~~~~~~~~~~~~~~~~~^~~~
/mnt/dev/v8/include/v8-platform.h:198:55: warning: unused parameter ‘location’ [-Wunused-parameter]
  198 |                                 const SourceLocation& location) {}
      |                                 ~~~~~~~~~~~~~~~~~~~~~~^~~~~~~~
/mnt/dev/v8/include/v8-platform.h: In member function ‘virtual void v8::JobHandle::UpdatePriority(v8::TaskPriority)’:
/mnt/dev/v8/include/v8-platform.h:293:44: warning: unused parameter ‘new_priority’ [-Wunused-parameter]
  293 |   virtual void UpdatePriority(TaskPriority new_priority) {}
      |                               ~~~~~~~~~~~~~^~~~~~~~~~~~
/mnt/dev/v8/include/v8-platform.h: In member function ‘virtual const uint8_t* v8::TracingController::GetCategoryGroupEnabled(const char*)’:
/mnt/dev/v8/include/v8-platform.h:412:62: warning: unused parameter ‘name’ [-Wunused-parameter]
  412 |   virtual const uint8_t* GetCategoryGroupEnabled(const char* name) {
      |                                                  ~~~~~~~~~~~~^~~~
/mnt/dev/v8/include/v8-platform.h: In member function ‘virtual uint64_t v8::TracingController::AddTraceEvent(char, const uint8_t*, const char*, const char*, uint64_t, uint64_t, int32_t, const char**, const uint8_t*, const uint64_t*, std::unique_ptr<v8::ConvertableToTraceFormat>*, unsigned int)’:
/mnt/dev/v8/include/v8-platform.h:426:12: warning: unused parameter ‘phase’ [-Wunused-parameter]
  426 |       char phase, const uint8_t* category_enabled_flag, const char* name,
      |       ~~~~~^~~~~
/mnt/dev/v8/include/v8-platform.h:426:34: warning: unused parameter ‘category_enabled_flag’ [-Wunused-parameter]
  426 |       char phase, const uint8_t* category_enabled_flag, const char* name,
      |                   ~~~~~~~~~~~~~~~^~~~~~~~~~~~~~~~~~~~~
/mnt/dev/v8/include/v8-platform.h:426:69: warning: unused parameter ‘name’ [-Wunused-parameter]
  426 |       char phase, const uint8_t* category_enabled_flag, const char* name,
      |                                                         ~~~~~~~~~~~~^~~~
/mnt/dev/v8/include/v8-platform.h:427:19: warning: unused parameter ‘scope’ [-Wunused-parameter]
  427 |       const char* scope, uint64_t id, uint64_t bind_id, int32_t num_args,
      |       ~~~~~~~~~~~~^~~~~
/mnt/dev/v8/include/v8-platform.h:427:35: warning: unused parameter ‘id’ [-Wunused-parameter]
  427 |       const char* scope, uint64_t id, uint64_t bind_id, int32_t num_args,
      |                          ~~~~~~~~~^~
/mnt/dev/v8/include/v8-platform.h:427:48: warning: unused parameter ‘bind_id’ [-Wunused-parameter]
  427 |       const char* scope, uint64_t id, uint64_t bind_id, int32_t num_args,
      |                                       ~~~~~~~~~^~~~~~~
/mnt/dev/v8/include/v8-platform.h:427:65: warning: unused parameter ‘num_args’ [-Wunused-parameter]
  427 |       const char* scope, uint64_t id, uint64_t bind_id, int32_t num_args,
      |                                                         ~~~~~~~~^~~~~~~~
/mnt/dev/v8/include/v8-platform.h:428:20: warning: unused parameter ‘arg_names’ [-Wunused-parameter]
  428 |       const char** arg_names, const uint8_t* arg_types,
      |       ~~~~~~~~~~~~~^~~~~~~~~
/mnt/dev/v8/include/v8-platform.h:428:46: warning: unused parameter ‘arg_types’ [-Wunused-parameter]
  428 |       const char** arg_names, const uint8_t* arg_types,
      |                               ~~~~~~~~~~~~~~~^~~~~~~~~
/mnt/dev/v8/include/v8-platform.h:429:23: warning: unused parameter ‘arg_values’ [-Wunused-parameter]
  429 |       const uint64_t* arg_values,
      |       ~~~~~~~~~~~~~~~~^~~~~~~~~~
/mnt/dev/v8/include/v8-platform.h:430:50: warning: unused parameter ‘arg_convertables’ [-Wunused-parameter]
  430 |       std::unique_ptr<ConvertableToTraceFormat>* arg_convertables,
      |       ~~~~~~~~~~~~~~~~~~~~~~~~~~~~~~~~~~~~~~~~~~~^~~~~~~~~~~~~~~~
/mnt/dev/v8/include/v8-platform.h:431:20: warning: unused parameter ‘flags’ [-Wunused-parameter]
  431 |       unsigned int flags) {
      |       ~~~~~~~~~~~~~^~~~~
/mnt/dev/v8/include/v8-platform.h: In member function ‘virtual uint64_t v8::TracingController::AddTraceEventWithTimestamp(char, const uint8_t*, const char*, const char*, uint64_t, uint64_t, int32_t, const char**, const uint8_t*, const uint64_t*, std::unique_ptr<v8::ConvertableToTraceFormat>*, unsigned int, int64_t)’:
/mnt/dev/v8/include/v8-platform.h:435:12: warning: unused parameter ‘phase’ [-Wunused-parameter]
  435 |       char phase, const uint8_t* category_enabled_flag, const char* name,
      |       ~~~~~^~~~~
/mnt/dev/v8/include/v8-platform.h:435:34: warning: unused parameter ‘category_enabled_flag’ [-Wunused-parameter]
  435 |       char phase, const uint8_t* category_enabled_flag, const char* name,
      |                   ~~~~~~~~~~~~~~~^~~~~~~~~~~~~~~~~~~~~
/mnt/dev/v8/include/v8-platform.h:435:69: warning: unused parameter ‘name’ [-Wunused-parameter]
  435 |       char phase, const uint8_t* category_enabled_flag, const char* name,
      |                                                         ~~~~~~~~~~~~^~~~
/mnt/dev/v8/include/v8-platform.h:436:19: warning: unused parameter ‘scope’ [-Wunused-parameter]
  436 |       const char* scope, uint64_t id, uint64_t bind_id, int32_t num_args,
      |       ~~~~~~~~~~~~^~~~~
/mnt/dev/v8/include/v8-platform.h:436:35: warning: unused parameter ‘id’ [-Wunused-parameter]
  436 |       const char* scope, uint64_t id, uint64_t bind_id, int32_t num_args,
      |                          ~~~~~~~~~^~
/mnt/dev/v8/include/v8-platform.h:436:48: warning: unused parameter ‘bind_id’ [-Wunused-parameter]
  436 |       const char* scope, uint64_t id, uint64_t bind_id, int32_t num_args,
      |                                       ~~~~~~~~~^~~~~~~
/mnt/dev/v8/include/v8-platform.h:436:65: warning: unused parameter ‘num_args’ [-Wunused-parameter]
  436 |       const char* scope, uint64_t id, uint64_t bind_id, int32_t num_args,
      |                                                         ~~~~~~~~^~~~~~~~
/mnt/dev/v8/include/v8-platform.h:437:20: warning: unused parameter ‘arg_names’ [-Wunused-parameter]
  437 |       const char** arg_names, const uint8_t* arg_types,
      |       ~~~~~~~~~~~~~^~~~~~~~~
/mnt/dev/v8/include/v8-platform.h:437:46: warning: unused parameter ‘arg_types’ [-Wunused-parameter]
  437 |       const char** arg_names, const uint8_t* arg_types,
      |                               ~~~~~~~~~~~~~~~^~~~~~~~~
/mnt/dev/v8/include/v8-platform.h:438:23: warning: unused parameter ‘arg_values’ [-Wunused-parameter]
  438 |       const uint64_t* arg_values,
      |       ~~~~~~~~~~~~~~~~^~~~~~~~~~
/mnt/dev/v8/include/v8-platform.h:439:50: warning: unused parameter ‘arg_convertables’ [-Wunused-parameter]
  439 |       std::unique_ptr<ConvertableToTraceFormat>* arg_convertables,
      |       ~~~~~~~~~~~~~~~~~~~~~~~~~~~~~~~~~~~~~~~~~~~^~~~~~~~~~~~~~~~
/mnt/dev/v8/include/v8-platform.h:440:20: warning: unused parameter ‘flags’ [-Wunused-parameter]
  440 |       unsigned int flags, int64_t timestamp) {
      |       ~~~~~~~~~~~~~^~~~~
/mnt/dev/v8/include/v8-platform.h:440:35: warning: unused parameter ‘timestamp’ [-Wunused-parameter]
  440 |       unsigned int flags, int64_t timestamp) {
      |                           ~~~~~~~~^~~~~~~~~
/mnt/dev/v8/include/v8-platform.h: In member function ‘virtual void v8::TracingController::UpdateTraceEventDuration(const uint8_t*, const char*, uint64_t)’:
/mnt/dev/v8/include/v8-platform.h:448:56: warning: unused parameter ‘category_enabled_flag’ [-Wunused-parameter]
  448 |   virtual void UpdateTraceEventDuration(const uint8_t* category_enabled_flag,
      |                                         ~~~~~~~~~~~~~~~^~~~~~~~~~~~~~~~~~~~~
/mnt/dev/v8/include/v8-platform.h:449:53: warning: unused parameter ‘name’ [-Wunused-parameter]
  449 |                                         const char* name, uint64_t handle) {}
      |                                         ~~~~~~~~~~~~^~~~
/mnt/dev/v8/include/v8-platform.h:449:68: warning: unused parameter ‘handle’ [-Wunused-parameter]
  449 |                                         const char* name, uint64_t handle) {}
      |                                                           ~~~~~~~~~^~~~~~
/mnt/dev/v8/include/v8-platform.h: In member function ‘virtual bool v8::PageAllocator::ResizeAllocationAt(void*, size_t, size_t, Permission)’:
/mnt/dev/v8/include/v8-platform.h:643:41: warning: unused parameter ‘address’ [-Wunused-parameter]
  643 |   virtual bool ResizeAllocationAt(void* address, size_t old_length,
      |                                   ~~~~~~^~~~~~~
/mnt/dev/v8/include/v8-platform.h:643:57: warning: unused parameter ‘old_length’ [-Wunused-parameter]
  643 |   virtual bool ResizeAllocationAt(void* address, size_t old_length,
      |                                                  ~~~~~~~^~~~~~~~~~
/mnt/dev/v8/include/v8-platform.h:644:42: warning: unused parameter ‘new_length’ [-Wunused-parameter]
  644 |                                   size_t new_length, Permission permissions) {
      |                                   ~~~~~~~^~~~~~~~~~
/mnt/dev/v8/include/v8-platform.h:644:65: warning: unused parameter ‘permissions’ [-Wunused-parameter]
  644 |                                   size_t new_length, Permission permissions) {
      |                                                      ~~~~~~~~~~~^~~~~~~~~~~
/mnt/dev/v8/include/v8-platform.h: In member function ‘virtual bool v8::PageAllocator::RecommitPages(void*, size_t, Permission)’:
/mnt/dev/v8/include/v8-platform.h:670:36: warning: unused parameter ‘address’ [-Wunused-parameter]
  670 |   virtual bool RecommitPages(void* address, size_t length,
      |                              ~~~~~~^~~~~~~
/mnt/dev/v8/include/v8-platform.h:670:52: warning: unused parameter ‘length’ [-Wunused-parameter]
  670 |   virtual bool RecommitPages(void* address, size_t length,
      |                                             ~~~~~~~^~~~~~
/mnt/dev/v8/include/v8-platform.h:671:41: warning: unused parameter ‘permissions’ [-Wunused-parameter]
  671 |                              Permission permissions) {
      |                              ~~~~~~~~~~~^~~~~~~~~~~
/mnt/dev/v8/include/v8-platform.h: In member function ‘virtual bool v8::PageAllocator::DiscardSystemPages(void*, size_t)’:
/mnt/dev/v8/include/v8-platform.h:683:41: warning: unused parameter ‘address’ [-Wunused-parameter]
  683 |   virtual bool DiscardSystemPages(void* address, size_t size) { return true; }
      |                                   ~~~~~~^~~~~~~
/mnt/dev/v8/include/v8-platform.h:683:57: warning: unused parameter ‘size’ [-Wunused-parameter]
  683 |   virtual bool DiscardSystemPages(void* address, size_t size) { return true; }
      |                                                  ~~~~~~~^~~~
/mnt/dev/v8/include/v8-platform.h: In member function ‘virtual bool v8::PageAllocator::SealPages(void*, size_t)’:
/mnt/dev/v8/include/v8-platform.h:703:32: warning: unused parameter ‘address’ [-Wunused-parameter]
  703 |   virtual bool SealPages(void* address, size_t length) {
      |                          ~~~~~~^~~~~~~
/mnt/dev/v8/include/v8-platform.h:703:48: warning: unused parameter ‘length’ [-Wunused-parameter]
  703 |   virtual bool SealPages(void* address, size_t length) {
      |                                         ~~~~~~~^~~~~~
/mnt/dev/v8/include/v8-platform.h: In member function ‘virtual bool v8::PageAllocator::ReserveForSharedMemoryMapping(void*, size_t)’:
/mnt/dev/v8/include/v8-platform.h:743:52: warning: unused parameter ‘address’ [-Wunused-parameter]
  743 |   virtual bool ReserveForSharedMemoryMapping(void* address, size_t size) {
      |                                              ~~~~~~^~~~~~~
/mnt/dev/v8/include/v8-platform.h:743:68: warning: unused parameter ‘size’ [-Wunused-parameter]
  743 |   virtual bool ReserveForSharedMemoryMapping(void* address, size_t size) {
      |                                                             ~~~~~~~^~~~
/mnt/dev/v8/include/v8-platform.h: In member function ‘virtual std::unique_ptr<v8::PageAllocator::SharedMemory> v8::PageAllocator::AllocateSharedPages(size_t, const void*)’:
/mnt/dev/v8/include/v8-platform.h:757:14: warning: unused parameter ‘length’ [-Wunused-parameter]
  757 |       size_t length, const void* original_address) {
      |       ~~~~~~~^~~~~~
/mnt/dev/v8/include/v8-platform.h:757:34: warning: unused parameter ‘original_address’ [-Wunused-parameter]
  757 |       size_t length, const void* original_address) {
      |                      ~~~~~~~~~~~~^~~~~~~~~~~~~~~~
/mnt/dev/v8/include/v8-platform.h: In member function ‘virtual bool v8::VirtualAddressSpace::DiscardSystemPages(Address, size_t)’:
/mnt/dev/v8/include/v8-platform.h:1167:65: warning: unused parameter ‘address’ [-Wunused-parameter]
 1167 |   virtual V8_WARN_UNUSED_RESULT bool DiscardSystemPages(Address address,
      |                                                         ~~~~~~~~^~~~~~~
/mnt/dev/v8/include/v8-platform.h:1168:64: warning: unused parameter ‘size’ [-Wunused-parameter]
 1168 |                                                         size_t size) {
      |                                                         ~~~~~~~^~~~
/mnt/dev/v8/include/v8-platform.h: In member function ‘virtual bool v8::VirtualAddressSpace::SetName(const std::string&)’:
/mnt/dev/v8/include/v8-platform.h:1198:43: warning: unused parameter ‘name’ [-Wunused-parameter]
 1198 |   virtual bool SetName(const std::string& name) { return false; }
      |                        ~~~~~~~~~~~~~~~~~~~^~~~
/mnt/dev/v8/include/v8-platform.h: In member function ‘virtual bool v8::Platform::IdleTasksEnabled(v8::Isolate*)’:
/mnt/dev/v8/include/v8-platform.h:1366:42: warning: unused parameter ‘isolate’ [-Wunused-parameter]
 1366 |   virtual bool IdleTasksEnabled(Isolate* isolate) { return false; }
      |                                 ~~~~~~~~~^~~~~~~
/mnt/dev/v8/include/v8-platform.h: In member function ‘virtual std::unique_ptr<v8::ScopedBlockingCall> v8::Platform::CreateBlockingScope(v8::BlockingType)’:
/mnt/dev/v8/include/v8-platform.h:1454:20: warning: unused parameter ‘blocking_type’ [-Wunused-parameter]
 1454 |       BlockingType blocking_type) {
      |       ~~~~~~~~~~~~~^~~~~~~~~~~~~
runtime/js/v8_platform_silver.cpp: In member function ‘virtual void* v8::platform::silver::SilverPageAllocator::AllocatePages(void*, size_t, size_t, v8::PageAllocator::Permission)’:
runtime/js/v8_platform_silver.cpp:30:62: warning: unused parameter ‘alignment’ [-Wunused-parameter]
   30 |     void* AllocatePages(void* address, size_t length, size_t alignment,
      |                                                       ~~~~~~~^~~~~~~~~
